// Jest Snapshot v1, https://goo.gl/fbAQLP

exports[`Test <Ticker/> Ticker have rendered correctly 1`] = `ShallowWrapper {}`;
