// Jest Snapshot v1, https://goo.gl/fbAQLP

exports[`Test <Button/> Button have renderer correctly 1`] = `
<button
  className="btn undefined"
/>
`;
