// Jest Snapshot v1, https://goo.gl/fbAQLP

exports[`Test <Title/> Title have renderer correctly 1`] = `
<h2
  className="title"
/>
`;
