// Jest Snapshot v1, https://goo.gl/fbAQLP

exports[`Test <Tickers/> Tickers have renderer correctly 1`] = `ShallowWrapper {}`;
